
> questcareer@0.1.0 build
> next build

  Ôû▓ Next.js 14.2.35
  - Environments: .env.local

   Creating an optimized production build ...
 Ô£ô Compiled successfully
   Linting and checking validity of types ...
node.exe : 
No linha:1 caractere:1
+ & "C:\Program 
Files\nodejs/node.exe" 
"C:\Program 
Files\nodejs/node_mo ...
+ ~~~~~~~~~~~~~~~~~~~~~~~~~
~~~~~~~~~~~~~~~~~~~~~~~~~~~
~~~~~~~~~~~~~~~~~
    + CategoryInfo         
     : NotSpecified: (:St  
  ring) [], RemoteExcept   
 ion
    + FullyQualifiedErrorI 
   d : NativeCommandError
 
Failed to compile.

./src/app/(dashboard)/asses
sment/page.tsx
64:33  Error: '_result' is 
defined but never used.  @t
ypescript-eslint/no-unused-
vars

./src/app/(dashboard)/caree
r/plans/page.tsx
24:8  Warning: React Hook 
useEffect has a missing 
dependency: 'planMut'. 
Either include it or 
remove the dependency 
array.  
react-hooks/exhaustive-deps

./src/app/(dashboard)/caree
r/roles/page.tsx
25:11  Warning: The 
'roles' logical expression 
could make the 
dependencies of useMemo 
Hook (at line 33) change 
on every render. Move it 
inside the useMemo 
callback. Alternatively, 
wrap the initialization of 
'roles' in its own 
useMemo() Hook.  
react-hooks/exhaustive-deps

./src/components/ui/Externa
lCoursePage.tsx
15:21  Warning: Using 
`<img>` could result in 
slower LCP and higher 
bandwidth. Consider using 
`<Image />` from 
`next/image` to 
automatically optimize 
images. This may incur 
additional usage or cost 
from your provider. See: ht
tps://nextjs.org/docs/messa
ges/no-img-element  
@next/next/no-img-element

./src/lib/seed/career-data.
ts
509:9  Error: 'idx' is 
assigned a value but never 
used.  @typescript-eslint/n
o-unused-vars

./src/modules/assessment/ga
mes/debug-story.tsx
155:8  Warning: React Hook 
useEffect has a missing 
dependency: 'sendEvent'. 
Either include it or 
remove the dependency 
array.  
react-hooks/exhaustive-deps
182:8  Warning: React Hook 
useEffect has a missing 
dependency: 
'handleFinish'. Either 
include it or remove the 
dependency array.  
react-hooks/exhaustive-deps

./src/modules/assessment/ga
mes/pitch-sixty.tsx
80:8  Warning: React Hook 
useEffect has an 
unnecessary dependency: 
'startedRef.current'. 
Either exclude it or 
remove the dependency 
array. Mutable values like 
'startedRef.current' 
aren't valid dependencies 
because mutating them 
doesn't re-render the 
component.  
react-hooks/exhaustive-deps

./src/modules/assessment/ga
mes/tower-sort.tsx
135:11  Error: 'router' is 
assigned a value but never 
used.  @typescript-eslint/n
o-unused-vars
224:8  Warning: React Hook 
useEffect has a missing 
dependency: 
'handleFinish'. Either 
include it or remove the 
dependency array.  
react-hooks/exhaustive-deps

./src/modules/execution/sch
eduler.ts
45:19  Error: 'plan' is 
assigned a value but never 
used.  @typescript-eslint/n
o-unused-vars

info  - Need to disable 
some ESLint rules? Learn 
more here: https://nextjs.o
rg/docs/basic-features/esli
nt#disabling-rules
